// Jest Snapshot v1, https://goo.gl/fbAQLP

exports[`Pruebas en componente AddCategory El componente no debe cambiar su estructura tipica en JSX 1`] = `
<form
  onSubmit={[Function]}
>
  <input
    onChange={[Function]}
    value=""
  />
</form>
`;
