// Jest Snapshot v1, https://goo.gl/fbAQLP

exports[`Pruebas al componente GifGrid Debe mostrar el componente correctamente 1`] = `
<Fragment>
  <h3
    className="animate__animated animate__fadeIn"
  >
    Match
  </h3>
  <div
    className="card-grid"
  />
</Fragment>
`;
